2026-07-31T19:22:00.546502+00:00 | Created final run with 762 planned TVB calls and 27 worker process(es).
2026-07-31T19:22:00.548711+00:00 | [notebook 3/18] completed source cell 7
2026-07-31T19:22:00.550604+00:00 | [notebook 4/18] executing source cell 9/40
2026-07-31T19:22:01.436535+00:00 | Verified 5 pinned source inputs.
2026-07-31T19:22:01.438375+00:00 | [notebook 4/18] completed source cell 9
2026-07-31T19:22:01.440228+00:00 | [notebook 5/18] executing source cell 11/40
2026-07-31T19:22:01.463972+00:00 | [notebook 5/18] completed source cell 11
2026-07-31T19:22:01.465955+00:00 | [notebook 6/18] executing source cell 13/40
2026-07-31T19:22:01.483649+00:00 | [notebook 6/18] completed source cell 13
2026-07-31T19:22:01.485672+00:00 | [notebook 7/18] executing source cell 15/40
2026-07-31T19:22:01.495213+00:00 | [notebook 7/18] completed source cell 15
2026-07-31T19:22:01.497203+00:00 | [notebook 8/18] executing source cell 17/40
2026-07-31T19:22:01.500393+00:00 | [notebook 8/18] completed source cell 17
2026-07-31T19:22:01.502166+00:00 | [notebook 9/18] executing source cell 19/40
2026-07-31T19:22:01.513756+00:00 | [notebook 9/18] completed source cell 19
2026-07-31T19:22:01.515558+00:00 | [notebook 10/18] executing source cell 21/40
2026-07-31T19:22:02.308719+00:00 | [notebook 10/18] completed source cell 21
2026-07-31T19:22:02.310454+00:00 | [notebook 11/18] executing source cell 23/40
2026-07-31T19:22:02.317772+00:00 | 001_baseline_coupling_candidates: 6 work unit(s), 0 checkpoint(s) available.
2026-07-31T19:26:09.674421+00:00 | 001_baseline_coupling_candidates: saved work unit 1/6; overall 2/762 TVB calls (0.3%), elapsed 00:04:09, ETA 26:17:49.
2026-07-31T19:26:12.176965+00:00 | 001_baseline_coupling_candidates: saved work unit 2/6; overall 4/762 TVB calls (0.5%), elapsed 00:04:12, ETA 13:14:44.
2026-07-31T19:26:12.929157+00:00 | 001_baseline_coupling_candidates: saved work unit 3/6; overall 6/762 TVB calls (0.8%), elapsed 00:04:12, ETA 08:50:00.
2026-07-31T19:26:21.753539+00:00 | 001_baseline_coupling_candidates: saved work unit 4/6; overall 8/762 TVB calls (1.0%), elapsed 00:04:21, ETA 06:50:19.
2026-07-31T19:26:22.030974+00:00 | 001_baseline_coupling_candidates: saved work unit 5/6; overall 10/762 TVB calls (1.3%), elapsed 00:04:21, ETA 05:27:44.
2026-07-31T19:26:22.613862+00:00 | 001_baseline_coupling_candidates: saved work unit 6/6; overall 12/762 TVB calls (1.6%), elapsed 00:04:22, ETA 04:32:59.
2026-07-31T19:26:22.614164+00:00 | 001_baseline_coupling_candidates: all 6 work unit(s) available.
2026-07-31T19:26:23.206877+00:00 | [notebook 11/18] completed source cell 23
2026-07-31T19:26:23.208840+00:00 | [notebook 12/18] executing source cell 25/40
2026-07-31T19:26:23.217020+00:00 | 002_main_full_field_raw-trace-v1_condition-seed_blocks: 4 work unit(s), 0 checkpoint(s) available.
2026-07-31T19:41:30.197040+00:00 | 002_main_full_field_raw-trace-v1_condition-seed_blocks: saved work unit 1/4; overall 16/762 TVB calls (2.1%), elapsed 00:19:30, ETA 15:08:55.
2026-07-31T19:42:11.988556+00:00 | 002_main_full_field_raw-trace-v1_condition-seed_blocks: saved work unit 2/4; overall 20/762 TVB calls (2.6%), elapsed 00:20:11, ETA 12:29:05.
2026-07-31T19:42:13.412340+00:00 | 002_main_full_field_raw-trace-v1_condition-seed_blocks: saved work unit 3/4; overall 24/762 TVB calls (3.1%), elapsed 00:20:13, ETA 10:21:36.
2026-07-31T19:42:17.627274+00:00 | 002_main_full_field_raw-trace-v1_condition-seed_blocks: saved work unit 4/4; overall 28/762 TVB calls (3.7%), elapsed 00:20:17, ETA 08:51:45.
2026-07-31T19:42:17.627598+00:00 | 002_main_full_field_raw-trace-v1_condition-seed_blocks: all 4 work unit(s) available.
2026-07-31T19:42:17.962814+00:00 | 003_main_full_field_raw-trace-v1_condition-seed_blocks: 18 work unit(s), 0 checkpoint(s) available.
2026-07-31T19:59:47.673453+00:00 | 003_main_full_field_raw-trace-v1_condition-seed_blocks: saved work unit 1/18; overall 32/762 TVB calls (4.2%), elapsed 00:37:47, ETA 14:21:59.
2026-07-31T19:59:48.486655+00:00 | 003_main_full_field_raw-trace-v1_condition-seed_blocks: saved work unit 2/18; overall 36/762 TVB calls (4.7%), elapsed 00:37:48, ETA 12:42:17.
2026-07-31T19:59:48.757425+00:00 | 003_main_full_field_raw-trace-v1_condition-seed_blocks: saved work unit 3/18; overall 40/762 TVB calls (5.2%), elapsed 00:37:48, ETA 11:22:21.
2026-07-31T20:00:06.539418+00:00 | 003_main_full_field_raw-trace-v1_condition-seed_blocks: saved work unit 4/18; overall 44/762 TVB calls (5.8%), elapsed 00:38:06, ETA 10:21:43.
2026-07-31T20:02:18.230653+00:00 | 003_main_full_field_raw-trace-v1_condition-seed_blocks: saved work unit 5/18; overall 48/762 TVB calls (6.3%), elapsed 00:40:18, ETA 09:59:23.
2026-07-31T20:02:22.097818+00:00 | 003_main_full_field_raw-trace-v1_condition-seed_blocks: saved work unit 6/18; overall 52/762 TVB calls (6.8%), elapsed 00:40:22, ETA 09:11:04.
2026-07-31T20:02:23.192418+00:00 | 003_main_full_field_raw-trace-v1_condition-seed_blocks: saved work unit 7/18; overall 56/762 TVB calls (7.3%), elapsed 00:40:23, ETA 08:29:03.
2026-07-31T20:02:24.631174+00:00 | 003_main_full_field_raw-trace-v1_condition-seed_blocks: saved work unit 8/18; overall 60/762 TVB calls (7.9%), elapsed 00:40:24, ETA 07:52:42.
2026-07-31T20:02:26.880005+00:00 | 003_main_full_field_raw-trace-v1_condition-seed_blocks: saved work unit 9/18; overall 64/762 TVB calls (8.4%), elapsed 00:40:26, ETA 07:21:02.
2026-07-31T20:02:27.576786+00:00 | 003_main_full_field_raw-trace-v1_condition-seed_blocks: saved work unit 10/18; overall 68/762 TVB calls (8.9%), elapsed 00:40:27, ETA 06:52:50.
2026-07-31T20:02:28.745218+00:00 | 003_main_full_field_raw-trace-v1_condition-seed_blocks: saved work unit 11/18; overall 72/762 TVB calls (9.4%), elapsed 00:40:28, ETA 06:27:50.
2026-07-31T20:02:30.207587+00:00 | 003_main_full_field_raw-trace-v1_condition-seed_blocks: saved work unit 12/18; overall 76/762 TVB calls (10.0%), elapsed 00:40:30, ETA 06:05:31.
2026-07-31T20:02:31.551310+00:00 | 003_main_full_field_raw-trace-v1_condition-seed_blocks: saved work unit 13/18; overall 80/762 TVB calls (10.5%), elapsed 00:40:31, ETA 05:45:24.
2026-07-31T20:02:32.139498+00:00 | 003_main_full_field_raw-trace-v1_condition-seed_blocks: saved work unit 14/18; overall 84/762 TVB calls (11.0%), elapsed 00:40:32, ETA 05:27:06.
2026-07-31T20:02:34.651494+00:00 | 003_main_full_field_raw-trace-v1_condition-seed_blocks: saved work unit 15/18; overall 88/762 TVB calls (11.5%), elapsed 00:40:34, ETA 05:10:43.
2026-07-31T20:02:37.470683+00:00 | 003_main_full_field_raw-trace-v1_condition-seed_blocks: saved work unit 16/18; overall 92/762 TVB calls (12.1%), elapsed 00:40:37, ETA 04:55:47.
2026-07-31T20:02:41.340426+00:00 | 003_main_full_field_raw-trace-v1_condition-seed_blocks: saved work unit 17/18; overall 96/762 TVB calls (12.6%), elapsed 00:40:41, ETA 04:42:13.
2026-07-31T20:02:43.293503+00:00 | 003_main_full_field_raw-trace-v1_condition-seed_blocks: saved work unit 18/18; overall 100/762 TVB calls (13.1%), elapsed 00:40:43, ETA 04:29:31.
2026-07-31T20:02:43.293784+00:00 | 003_main_full_field_raw-trace-v1_condition-seed_blocks: all 18 work unit(s) available.
2026-07-31T20:02:44.277547+00:00 | 004_main_full_field_raw-trace-v1_condition-seed_blocks: 20 work unit(s), 0 checkpoint(s) available.
2026-07-31T20:20:48.901256+00:00 | 004_main_full_field_raw-trace-v1_condition-seed_blocks: saved work unit 1/20; overall 104/762 TVB calls (13.6%), elapsed 00:58:48, ETA 06:12:04.
2026-07-31T20:20:49.872530+00:00 | 004_main_full_field_raw-trace-v1_condition-seed_blocks: saved work unit 2/20; overall 108/762 TVB calls (14.2%), elapsed 00:58:49, ETA 05:56:12.
2026-07-31T20:20:52.094615+00:00 | 004_main_full_field_raw-trace-v1_condition-seed_blocks: saved work unit 3/20; overall 112/762 TVB calls (14.7%), elapsed 00:58:52, ETA 05:41:36.
2026-07-31T20:20:53.828335+00:00 | 004_main_full_field_raw-trace-v1_condition-seed_blocks: saved work unit 4/20; overall 116/762 TVB calls (15.2%), elapsed 00:58:53, ETA 05:27:57.
2026-07-31T20:20:56.602541+00:00 | 004_main_full_field_raw-trace-v1_condition-seed_blocks: saved work unit 5/20; overall 120/762 TVB calls (15.7%), elapsed 00:58:56, ETA 05:15:18.
2026-07-31T20:20:58.123137+00:00 | 004_main_full_field_raw-trace-v1_condition-seed_blocks: saved work unit 6/20; overall 124/762 TVB calls (16.3%), elapsed 00:58:58, ETA 05:03:21.
2026-07-31T20:21:00.391216+00:00 | 004_main_full_field_raw-trace-v1_condition-seed_blocks: saved work unit 7/20; overall 128/762 TVB calls (16.8%), elapsed 00:59:00, ETA 04:52:13.
2026-07-31T20:21:01.473448+00:00 | 004_main_full_field_raw-trace-v1_condition-seed_blocks: saved work unit 8/20; overall 132/762 TVB calls (17.3%), elapsed 00:59:01, ETA 04:41:40.
2026-07-31T20:21:01.899262+00:00 | 004_main_full_field_raw-trace-v1_condition-seed_blocks: saved work unit 9/20; overall 136/762 TVB calls (17.8%), elapsed 00:59:01, ETA 04:31:41.
2026-07-31T20:21:03.312183+00:00 | 004_main_full_field_raw-trace-v1_condition-seed_blocks: saved work unit 10/20; overall 140/762 TVB calls (18.4%), elapsed 00:59:03, ETA 04:22:20.
2026-07-31T20:21:03.609440+00:00 | 004_main_full_field_raw-trace-v1_condition-seed_blocks: saved work unit 11/20; overall 144/762 TVB calls (18.9%), elapsed 00:59:03, ETA 04:13:26.
2026-07-31T20:21:03.882315+00:00 | 004_main_full_field_raw-trace-v1_condition-seed_blocks: saved work unit 12/20; overall 148/762 TVB calls (19.4%), elapsed 00:59:03, ETA 04:05:00.
2026-07-31T20:21:04.699933+00:00 | 004_main_full_field_raw-trace-v1_condition-seed_blocks: saved work unit 13/20; overall 152/762 TVB calls (19.9%), elapsed 00:59:04, ETA 03:57:03.
2026-07-31T20:21:10.899332+00:00 | 004_main_full_field_raw-trace-v1_condition-seed_blocks: saved work unit 14/20; overall 156/762 TVB calls (20.5%), elapsed 00:59:10, ETA 03:49:52.
2026-07-31T20:21:11.774699+00:00 | 004_main_full_field_raw-trace-v1_condition-seed_blocks: saved work unit 15/20; overall 160/762 TVB calls (21.0%), elapsed 00:59:11, ETA 03:42:42.
2026-07-31T20:21:17.749345+00:00 | 004_main_full_field_raw-trace-v1_condition-seed_blocks: saved work unit 16/20; overall 164/762 TVB calls (21.5%), elapsed 00:59:17, ETA 03:36:11.
2026-07-31T20:21:26.086089+00:00 | 004_main_full_field_raw-trace-v1_condition-seed_blocks: saved work unit 17/20; overall 168/762 TVB calls (22.0%), elapsed 00:59:26, ETA 03:30:07.
2026-07-31T20:21:36.715785+00:00 | 004_main_full_field_raw-trace-v1_condition-seed_blocks: saved work unit 18/20; overall 172/762 TVB calls (22.6%), elapsed 00:59:36, ETA 03:24:27.
2026-07-31T20:23:13.456946+00:00 | 004_main_full_field_raw-trace-v1_condition-seed_blocks: saved work unit 19/20; overall 176/762 TVB calls (23.1%), elapsed 01:01:13, ETA 03:23:49.
2026-07-31T20:23:17.809653+00:00 | 004_main_full_field_raw-trace-v1_condition-seed_blocks: saved work unit 20/20; overall 180/762 TVB calls (23.6%), elapsed 01:01:17, ETA 03:18:10.
2026-07-31T20:23:17.810056+00:00 | 004_main_full_field_raw-trace-v1_condition-seed_blocks: all 20 work unit(s) available.
2026-07-31T20:23:19.219962+00:00 | 005_main_full_field_raw-trace-v1_condition-seed_blocks: 18 work unit(s), 0 checkpoint(s) available.
2026-07-31T20:41:04.697975+00:00 | 005_main_full_field_raw-trace-v1_condition-seed_blocks: saved work unit 1/18; overall 184/762 TVB calls (24.1%), elapsed 01:19:04, ETA 04:08:23.
2026-07-31T20:41:05.025730+00:00 | 005_main_full_field_raw-trace-v1_condition-seed_blocks: saved work unit 2/18; overall 188/762 TVB calls (24.7%), elapsed 01:19:04, ETA 04:01:26.
2026-07-31T20:41:05.320337+00:00 | 005_main_full_field_raw-trace-v1_condition-seed_blocks: saved work unit 3/18; overall 192/762 TVB calls (25.2%), elapsed 01:19:05, ETA 03:54:46.
2026-07-31T20:41:05.749567+00:00 | 005_main_full_field_raw-trace-v1_condition-seed_blocks: saved work unit 4/18; overall 196/762 TVB calls (25.7%), elapsed 01:19:05, ETA 03:48:23.
2026-07-31T20:41:07.291010+00:00 | 005_main_full_field_raw-trace-v1_condition-seed_blocks: saved work unit 5/18; overall 200/762 TVB calls (26.2%), elapsed 01:19:07, ETA 03:42:18.
2026-07-31T20:41:09.831897+00:00 | 005_main_full_field_raw-trace-v1_condition-seed_blocks: saved work unit 6/18; overall 204/762 TVB calls (26.8%), elapsed 01:19:09, ETA 03:36:31.
2026-07-31T20:41:10.460486+00:00 | 005_main_full_field_raw-trace-v1_condition-seed_blocks: saved work unit 7/18; overall 208/762 TVB calls (27.3%), elapsed 01:19:10, ETA 03:30:51.
2026-07-31T20:41:11.601301+00:00 | 005_main_full_field_raw-trace-v1_condition-seed_blocks: saved work unit 8/18; overall 212/762 TVB calls (27.8%), elapsed 01:19:11, ETA 03:25:26.
2026-07-31T20:41:11.998923+00:00 | 005_main_full_field_raw-trace-v1_condition-seed_blocks: saved work unit 9/18; overall 216/762 TVB calls (28.3%), elapsed 01:19:11, ETA 03:20:11.
2026-07-31T20:41:12.282226+00:00 | 005_main_full_field_raw-trace-v1_condition-seed_blocks: saved work unit 10/18; overall 220/762 TVB calls (28.9%), elapsed 01:19:12, ETA 03:15:07.
2026-07-31T20:41:13.367181+00:00 | 005_main_full_field_raw-trace-v1_condition-seed_blocks: saved work unit 11/18; overall 224/762 TVB calls (29.4%), elapsed 01:19:13, ETA 03:10:15.
2026-07-31T20:41:15.292326+00:00 | 005_main_full_field_raw-trace-v1_condition-seed_blocks: saved work unit 12/18; overall 228/762 TVB calls (29.9%), elapsed 01:19:15, ETA 03:05:36.
2026-07-31T20:41:15.988997+00:00 | 005_main_full_field_raw-trace-v1_condition-seed_blocks: saved work unit 13/18; overall 232/762 TVB calls (30.4%), elapsed 01:19:15, ETA 03:01:04.
2026-07-31T20:41:17.925551+00:00 | 005_main_full_field_raw-trace-v1_condition-seed_blocks: saved work unit 14/18; overall 236/762 TVB calls (31.0%), elapsed 01:19:17, ETA 02:56:43.
2026-07-31T20:41:18.797357+00:00 | 005_main_full_field_raw-trace-v1_condition-seed_blocks: saved work unit 15/18; overall 240/762 TVB calls (31.5%), elapsed 01:19:18, ETA 02:52:29.
2026-07-31T20:41:22.112804+00:00 | 005_main_full_field_raw-trace-v1_condition-seed_blocks: saved work unit 16/18; overall 244/762 TVB calls (32.0%), elapsed 01:19:22, ETA 02:48:29.
2026-07-31T20:41:23.612202+00:00 | 005_main_full_field_raw-trace-v1_condition-seed_blocks: saved work unit 17/18; overall 248/762 TVB calls (32.5%), elapsed 01:19:23, ETA 02:44:32.
2026-07-31T20:41:29.143490+00:00 | 005_main_full_field_raw-trace-v1_condition-seed_blocks: saved work unit 18/18; overall 252/762 TVB calls (33.1%), elapsed 01:19:29, ETA 02:40:51.
2026-07-31T20:41:29.143814+00:00 | 005_main_full_field_raw-trace-v1_condition-seed_blocks: all 18 work unit(s) available.
2026-07-31T20:41:31.319828+00:00 | [notebook 12/18] completed source cell 25
2026-07-31T20:41:31.321632+00:00 | [notebook 13/18] executing source cell 27/40
2026-07-31T20:41:31.339272+00:00 | 006_dt_reference_0.25ms_condition-seed_blocks: 40 work unit(s), 0 checkpoint(s) available.
2026-07-31T21:20:08.741507+00:00 | 006_dt_reference_0.25ms_condition-seed_blocks: saved work unit 1/40; overall 256/762 TVB calls (33.6%), elapsed 01:58:08, ETA 03:53:30.
2026-07-31T21:20:11.251425+00:00 | 006_dt_reference_0.25ms_condition-seed_blocks: saved work unit 2/40; overall 260/762 TVB calls (34.1%), elapsed 01:58:11, ETA 03:48:11.
2026-07-31T21:20:11.841862+00:00 | 006_dt_reference_0.25ms_condition-seed_blocks: saved work unit 3/40; overall 264/762 TVB calls (34.6%), elapsed 01:58:11, ETA 03:42:57.
2026-07-31T21:20:13.089334+00:00 | 006_dt_reference_0.25ms_condition-seed_blocks: saved work unit 4/40; overall 268/762 TVB calls (35.2%), elapsed 01:58:13, ETA 03:37:54.
2026-07-31T21:20:18.935974+00:00 | 006_dt_reference_0.25ms_condition-seed_blocks: saved work unit 5/40; overall 272/762 TVB calls (35.7%), elapsed 01:58:18, ETA 03:33:08.
2026-07-31T21:20:19.194529+00:00 | 006_dt_reference_0.25ms_condition-seed_blocks: saved work unit 6/40; overall 276/762 TVB calls (36.2%), elapsed 01:58:19, ETA 03:28:20.
2026-07-31T21:20:21.767041+00:00 | 006_dt_reference_0.25ms_condition-seed_blocks: saved work unit 7/40; overall 280/762 TVB calls (36.7%), elapsed 01:58:21, ETA 03:23:44.
2026-07-31T21:20:26.170835+00:00 | 006_dt_reference_0.25ms_condition-seed_blocks: saved work unit 8/40; overall 284/762 TVB calls (37.3%), elapsed 01:58:26, ETA 03:19:19.
2026-07-31T21:20:41.979279+00:00 | 006_dt_reference_0.25ms_condition-seed_blocks: saved work unit 9/40; overall 288/762 TVB calls (37.8%), elapsed 01:58:41, ETA 03:15:21.
2026-07-31T21:21:50.642081+00:00 | 006_dt_reference_0.25ms_condition-seed_blocks: saved work unit 10/40; overall 292/762 TVB calls (38.3%), elapsed 01:59:50, ETA 03:12:53.
2026-07-31T21:21:56.560908+00:00 | 006_dt_reference_0.25ms_condition-seed_blocks: saved work unit 11/40; overall 296/762 TVB calls (38.8%), elapsed 01:59:56, ETA 03:08:49.
2026-07-31T21:21:56.831678+00:00 | 006_dt_reference_0.25ms_condition-seed_blocks: saved work unit 12/40; overall 300/762 TVB calls (39.4%), elapsed 01:59:56, ETA 03:04:42.
2026-07-31T21:21:57.087313+00:00 | 006_dt_reference_0.25ms_condition-seed_blocks: saved work unit 13/40; overall 304/762 TVB calls (39.9%), elapsed 01:59:57, ETA 03:00:42.
2026-07-31T21:22:00.364409+00:00 | 006_dt_reference_0.25ms_condition-seed_blocks: saved work unit 14/40; overall 308/762 TVB calls (40.4%), elapsed 02:00:00, ETA 02:56:53.
2026-07-31T21:22:08.694163+00:00 | 006_dt_reference_0.25ms_condition-seed_blocks: saved work unit 15/40; overall 312/762 TVB calls (40.9%), elapsed 02:00:08, ETA 02:53:16.
2026-07-31T21:22:10.737967+00:00 | 006_dt_reference_0.25ms_condition-seed_blocks: saved work unit 16/40; overall 316/762 TVB calls (41.5%), elapsed 02:00:10, ETA 02:49:36.
2026-07-31T21:22:29.233778+00:00 | 006_dt_reference_0.25ms_condition-seed_blocks: saved work unit 17/40; overall 320/762 TVB calls (42.0%), elapsed 02:00:29, ETA 02:46:25.
2026-07-31T21:22:34.094343+00:00 | 006_dt_reference_0.25ms_condition-seed_blocks: saved work unit 18/40; overall 324/762 TVB calls (42.5%), elapsed 02:00:34, ETA 02:42:59.
2026-07-31T21:26:49.503677+00:00 | 006_dt_reference_0.25ms_condition-seed_blocks: saved work unit 19/40; overall 328/762 TVB calls (43.0%), elapsed 02:04:49, ETA 02:45:09.
2026-07-31T21:27:05.902454+00:00 | 006_dt_reference_0.25ms_condition-seed_blocks: saved work unit 20/40; overall 332/762 TVB calls (43.6%), elapsed 02:05:05, ETA 02:42:01.
2026-07-31T21:27:25.983537+00:00 | 006_dt_reference_0.25ms_condition-seed_blocks: saved work unit 21/40; overall 336/762 TVB calls (44.1%), elapsed 02:05:25, ETA 02:39:01.
2026-07-31T21:27:30.714265+00:00 | 006_dt_reference_0.25ms_condition-seed_blocks: saved work unit 22/40; overall 340/762 TVB calls (44.6%), elapsed 02:05:30, ETA 02:35:46.
2026-07-31T21:27:40.690763+00:00 | 006_dt_reference_0.25ms_condition-seed_blocks: saved work unit 23/40; overall 344/762 TVB calls (45.1%), elapsed 02:05:40, ETA 02:32:42.
2026-07-31T21:27:50.960768+00:00 | 006_dt_reference_0.25ms_condition-seed_blocks: saved work unit 24/40; overall 348/762 TVB calls (45.7%), elapsed 02:05:50, ETA 02:29:42.
2026-07-31T21:27:51.757333+00:00 | 006_dt_reference_0.25ms_condition-seed_blocks: saved work unit 25/40; overall 352/762 TVB calls (46.2%), elapsed 02:05:51, ETA 02:26:35.
2026-07-31T21:27:57.051596+00:00 | 006_dt_reference_0.25ms_condition-seed_blocks: saved work unit 26/40; overall 356/762 TVB calls (46.7%), elapsed 02:05:57, ETA 02:23:38.
2026-07-31T21:27:59.354719+00:00 | 006_dt_reference_0.25ms_condition-seed_blocks: saved work unit 27/40; overall 360/762 TVB calls (47.2%), elapsed 02:05:59, ETA 02:20:41.
2026-07-31T21:55:03.094583+00:00 | 006_dt_reference_0.25ms_condition-seed_blocks: saved work unit 28/40; overall 364/762 TVB calls (47.8%), elapsed 02:33:03, ETA 02:47:20.
2026-07-31T21:55:07.778601+00:00 | 006_dt_reference_0.25ms_condition-seed_blocks: saved work unit 29/40; overall 368/762 TVB calls (48.3%), elapsed 02:33:07, ETA 02:43:56.
2026-07-31T21:55:13.586480+00:00 | 006_dt_reference_0.25ms_condition-seed_blocks: saved work unit 30/40; overall 372/762 TVB calls (48.8%), elapsed 02:33:13, ETA 02:40:38.
2026-07-31T21:55:19.835693+00:00 | 006_dt_reference_0.25ms_condition-seed_blocks: saved work unit 31/40; overall 376/762 TVB calls (49.3%), elapsed 02:33:19, ETA 02:37:24.
2026-07-31T21:55:20.283639+00:00 | 006_dt_reference_0.25ms_condition-seed_blocks: saved work unit 32/40; overall 380/762 TVB calls (49.9%), elapsed 02:33:20, ETA 02:34:08.
2026-07-31T21:55:21.637190+00:00 | 006_dt_reference_0.25ms_condition-seed_blocks: saved work unit 33/40; overall 384/762 TVB calls (50.4%), elapsed 02:33:21, ETA 02:30:57.
2026-07-31T21:55:26.645299+00:00 | 006_dt_reference_0.25ms_condition-seed_blocks: saved work unit 34/40; overall 388/762 TVB calls (50.9%), elapsed 02:33:26, ETA 02:27:54.
2026-07-31T21:55:28.894380+00:00 | 006_dt_reference_0.25ms_condition-seed_blocks: saved work unit 35/40; overall 392/762 TVB calls (51.4%), elapsed 02:33:28, ETA 02:24:52.
2026-07-31T21:55:52.763140+00:00 | 006_dt_reference_0.25ms_condition-seed_blocks: saved work unit 36/40; overall 396/762 TVB calls (52.0%), elapsed 02:33:52, ETA 02:22:13.
2026-07-31T21:56:03.841358+00:00 | 006_dt_reference_0.25ms_condition-seed_blocks: saved work unit 37/40; overall 400/762 TVB calls (52.5%), elapsed 02:34:03, ETA 02:19:25.
2026-07-31T21:56:06.677877+00:00 | 006_dt_reference_0.25ms_condition-seed_blocks: saved work unit 38/40; overall 404/762 TVB calls (53.0%), elapsed 02:34:06, ETA 02:16:33.
2026-07-31T21:56:07.816832+00:00 | 006_dt_reference_0.25ms_condition-seed_blocks: saved work unit 39/40; overall 408/762 TVB calls (53.5%), elapsed 02:34:07, ETA 02:13:43.
2026-07-31T21:56:12.230668+00:00 | 006_dt_reference_0.25ms_condition-seed_blocks: saved work unit 40/40; overall 412/762 TVB calls (54.1%), elapsed 02:34:12, ETA 02:10:59.
2026-07-31T21:56:12.230997+00:00 | 006_dt_reference_0.25ms_condition-seed_blocks: all 40 work unit(s) available.
2026-07-31T21:56:12.890176+00:00 | [notebook 13/18] completed source cell 27
2026-07-31T21:56:12.892222+00:00 | [notebook 14/18] executing source cell 29/40
2026-07-31T21:56:12.904369+00:00 | 007_local_dynamics_counterfactual_condition-seed_blocks: 20 work unit(s), 0 checkpoint(s) available.
2026-07-31T22:14:15.059738+00:00 | 007_local_dynamics_counterfactual_condition-seed_blocks: saved work unit 1/20; overall 416/762 TVB calls (54.6%), elapsed 02:52:15, ETA 02:23:16.
2026-07-31T22:14:15.742803+00:00 | 007_local_dynamics_counterfactual_condition-seed_blocks: saved work unit 2/20; overall 420/762 TVB calls (55.1%), elapsed 02:52:15, ETA 02:20:16.
2026-07-31T22:14:16.397679+00:00 | 007_local_dynamics_counterfactual_condition-seed_blocks: saved work unit 3/20; overall 424/762 TVB calls (55.6%), elapsed 02:52:16, ETA 02:17:19.
2026-07-31T22:14:19.365818+00:00 | 007_local_dynamics_counterfactual_condition-seed_blocks: saved work unit 4/20; overall 428/762 TVB calls (56.2%), elapsed 02:52:19, ETA 02:14:28.
2026-07-31T22:14:20.336828+00:00 | 007_local_dynamics_counterfactual_condition-seed_blocks: saved work unit 5/20; overall 432/762 TVB calls (56.7%), elapsed 02:52:20, ETA 02:11:38.
2026-07-31T22:14:20.565293+00:00 | 007_local_dynamics_counterfactual_condition-seed_blocks: saved work unit 6/20; overall 436/762 TVB calls (57.2%), elapsed 02:52:20, ETA 02:08:51.
2026-07-31T22:14:20.933145+00:00 | 007_local_dynamics_counterfactual_condition-seed_blocks: saved work unit 7/20; overall 440/762 TVB calls (57.7%), elapsed 02:52:20, ETA 02:06:07.
2026-07-31T22:14:24.654889+00:00 | 007_local_dynamics_counterfactual_condition-seed_blocks: saved work unit 8/20; overall 444/762 TVB calls (58.3%), elapsed 02:52:24, ETA 02:03:29.
2026-07-31T22:14:27.206731+00:00 | 007_local_dynamics_counterfactual_condition-seed_blocks: saved work unit 9/20; overall 448/762 TVB calls (58.8%), elapsed 02:52:27, ETA 02:00:52.
2026-07-31T22:14:29.875214+00:00 | 007_local_dynamics_counterfactual_condition-seed_blocks: saved work unit 10/20; overall 452/762 TVB calls (59.3%), elapsed 02:52:29, ETA 01:58:18.
2026-07-31T22:14:31.082358+00:00 | 007_local_dynamics_counterfactual_condition-seed_blocks: saved work unit 11/20; overall 456/762 TVB calls (59.8%), elapsed 02:52:31, ETA 01:55:46.
2026-07-31T22:14:33.000366+00:00 | 007_local_dynamics_counterfactual_condition-seed_blocks: saved work unit 12/20; overall 460/762 TVB calls (60.4%), elapsed 02:52:32, ETA 01:53:17.
2026-07-31T22:14:38.974712+00:00 | 007_local_dynamics_counterfactual_condition-seed_blocks: saved work unit 13/20; overall 464/762 TVB calls (60.9%), elapsed 02:52:38, ETA 01:50:53.
2026-07-31T22:16:26.906570+00:00 | 007_local_dynamics_counterfactual_condition-seed_blocks: saved work unit 14/20; overall 468/762 TVB calls (61.4%), elapsed 02:54:26, ETA 01:49:35.
2026-07-31T22:16:30.534836+00:00 | 007_local_dynamics_counterfactual_condition-seed_blocks: saved work unit 15/20; overall 472/762 TVB calls (61.9%), elapsed 02:54:30, ETA 01:47:13.
2026-07-31T22:16:33.473814+00:00 | 007_local_dynamics_counterfactual_condition-seed_blocks: saved work unit 16/20; overall 476/762 TVB calls (62.5%), elapsed 02:54:33, ETA 01:44:53.
2026-07-31T22:16:37.666741+00:00 | 007_local_dynamics_counterfactual_condition-seed_blocks: saved work unit 17/20; overall 480/762 TVB calls (63.0%), elapsed 02:54:37, ETA 01:42:35.
2026-07-31T22:16:39.638867+00:00 | 007_local_dynamics_counterfactual_condition-seed_blocks: saved work unit 18/20; overall 484/762 TVB calls (63.5%), elapsed 02:54:39, ETA 01:40:19.
2026-07-31T22:16:42.227271+00:00 | 007_local_dynamics_counterfactual_condition-seed_blocks: saved work unit 19/20; overall 488/762 TVB calls (64.0%), elapsed 02:54:42, ETA 01:38:05.
2026-07-31T22:16:42.713930+00:00 | 007_local_dynamics_counterfactual_condition-seed_blocks: saved work unit 20/20; overall 492/762 TVB calls (64.6%), elapsed 02:54:42, ETA 01:35:52.
2026-07-31T22:16:42.714313+00:00 | 007_local_dynamics_counterfactual_condition-seed_blocks: all 20 work unit(s) available.
2026-07-31T22:16:43.324089+00:00 | [notebook 14/18] completed source cell 29
2026-07-31T22:16:43.326694+00:00 | [notebook 15/18] executing source cell 31/40
2026-07-31T22:17:04.252866+00:00 | [notebook 15/18] completed source cell 31
2026-07-31T22:17:04.255414+00:00 | [notebook 16/18] executing source cell 33/40
2026-07-31T22:17:04.283800+00:00 | 008_parameter_sensitivity_condition-seed_blocks: 40 work unit(s), 0 checkpoint(s) available.
2026-07-31T22:34:06.646785+00:00 | 008_parameter_sensitivity_condition-seed_blocks: saved work unit 1/40; overall 495/762 TVB calls (65.0%), elapsed 03:12:06, ETA 01:43:37.
2026-07-31T22:34:18.535265+00:00 | 008_parameter_sensitivity_condition-seed_blocks: saved work unit 2/40; overall 498/762 TVB calls (65.4%), elapsed 03:12:18, ETA 01:41:57.
2026-07-31T22:34:20.584666+00:00 | 008_parameter_sensitivity_condition-seed_blocks: saved work unit 3/40; overall 501/762 TVB calls (65.7%), elapsed 03:12:20, ETA 01:40:12.
2026-07-31T22:34:20.860760+00:00 | 008_parameter_sensitivity_condition-seed_blocks: saved work unit 4/40; overall 504/762 TVB calls (66.1%), elapsed 03:12:20, ETA 01:38:28.
2026-07-31T22:34:23.283842+00:00 | 008_parameter_sensitivity_condition-seed_blocks: saved work unit 5/40; overall 507/762 TVB calls (66.5%), elapsed 03:12:23, ETA 01:36:46.
2026-07-31T22:34:24.262178+00:00 | 008_parameter_sensitivity_condition-seed_blocks: saved work unit 6/40; overall 510/762 TVB calls (66.9%), elapsed 03:12:24, ETA 01:35:04.
2026-07-31T22:34:26.667735+00:00 | 008_parameter_sensitivity_condition-seed_blocks: saved work unit 7/40; overall 513/762 TVB calls (67.3%), elapsed 03:12:26, ETA 01:33:24.
2026-07-31T22:34:27.366730+00:00 | 008_parameter_sensitivity_condition-seed_blocks: saved work unit 8/40; overall 516/762 TVB calls (67.7%), elapsed 03:12:27, ETA 01:31:45.
2026-07-31T22:34:33.767756+00:00 | 008_parameter_sensitivity_condition-seed_blocks: saved work unit 9/40; overall 519/762 TVB calls (68.1%), elapsed 03:12:33, ETA 01:30:09.
2026-07-31T22:34:36.064295+00:00 | 008_parameter_sensitivity_condition-seed_blocks: saved work unit 10/40; overall 522/762 TVB calls (68.5%), elapsed 03:12:36, ETA 01:28:33.
2026-07-31T22:34:40.443311+00:00 | 008_parameter_sensitivity_condition-seed_blocks: saved work unit 11/40; overall 525/762 TVB calls (68.9%), elapsed 03:12:40, ETA 01:26:58.
2026-07-31T22:34:42.549129+00:00 | 008_parameter_sensitivity_condition-seed_blocks: saved work unit 12/40; overall 528/762 TVB calls (69.3%), elapsed 03:12:42, ETA 01:25:24.
2026-07-31T22:34:45.886765+00:00 | 008_parameter_sensitivity_condition-seed_blocks: saved work unit 13/40; overall 531/762 TVB calls (69.7%), elapsed 03:12:45, ETA 01:23:51.
2026-07-31T22:34:53.400545+00:00 | 008_parameter_sensitivity_condition-seed_blocks: saved work unit 14/40; overall 534/762 TVB calls (70.1%), elapsed 03:12:53, ETA 01:22:21.
2026-07-31T22:34:56.997058+00:00 | 008_parameter_sensitivity_condition-seed_blocks: saved work unit 15/40; overall 537/762 TVB calls (70.5%), elapsed 03:12:56, ETA 01:20:50.
2026-07-31T22:34:57.859299+00:00 | 008_parameter_sensitivity_condition-seed_blocks: saved work unit 16/40; overall 540/762 TVB calls (70.9%), elapsed 03:12:57, ETA 01:19:20.
2026-07-31T22:34:58.035756+00:00 | 008_parameter_sensitivity_condition-seed_blocks: saved work unit 17/40; overall 543/762 TVB calls (71.3%), elapsed 03:12:57, ETA 01:17:49.
2026-07-31T22:35:00.601468+00:00 | 008_parameter_sensitivity_condition-seed_blocks: saved work unit 18/40; overall 546/762 TVB calls (71.7%), elapsed 03:13:00, ETA 01:16:21.
2026-07-31T22:35:08.028653+00:00 | 008_parameter_sensitivity_condition-seed_blocks: saved work unit 19/40; overall 549/762 TVB calls (72.0%), elapsed 03:13:07, ETA 01:14:56.
2026-07-31T22:35:17.395222+00:00 | 008_parameter_sensitivity_condition-seed_blocks: saved work unit 20/40; overall 552/762 TVB calls (72.4%), elapsed 03:13:17, ETA 01:13:32.
2026-07-31T22:37:04.837267+00:00 | 008_parameter_sensitivity_condition-seed_blocks: saved work unit 21/40; overall 555/762 TVB calls (72.8%), elapsed 03:15:04, ETA 01:12:45.
2026-07-31T22:37:07.112860+00:00 | 008_parameter_sensitivity_condition-seed_blocks: saved work unit 22/40; overall 558/762 TVB calls (73.2%), elapsed 03:15:07, ETA 01:11:20.
2026-07-31T22:37:08.558745+00:00 | 008_parameter_sensitivity_condition-seed_blocks: saved work unit 23/40; overall 561/762 TVB calls (73.6%), elapsed 03:15:08, ETA 01:09:55.
2026-07-31T22:37:10.686641+00:00 | 008_parameter_sensitivity_condition-seed_blocks: saved work unit 24/40; overall 564/762 TVB calls (74.0%), elapsed 03:15:10, ETA 01:08:31.
2026-07-31T22:37:31.512306+00:00 | 008_parameter_sensitivity_condition-seed_blocks: saved work unit 25/40; overall 567/762 TVB calls (74.4%), elapsed 03:15:31, ETA 01:07:14.
2026-07-31T22:37:31.671616+00:00 | 008_parameter_sensitivity_condition-seed_blocks: saved work unit 26/40; overall 570/762 TVB calls (74.8%), elapsed 03:15:31, ETA 01:05:52.
2026-07-31T22:37:39.373406+00:00 | 008_parameter_sensitivity_condition-seed_blocks: saved work unit 27/40; overall 573/762 TVB calls (75.2%), elapsed 03:15:39, ETA 01:04:32.
2026-07-31T22:49:21.214428+00:00 | 008_parameter_sensitivity_condition-seed_blocks: saved work unit 28/40; overall 576/762 TVB calls (75.6%), elapsed 03:27:21, ETA 01:06:57.
2026-07-31T22:49:30.525701+00:00 | 008_parameter_sensitivity_condition-seed_blocks: saved work unit 29/40; overall 579/762 TVB calls (76.0%), elapsed 03:27:30, ETA 01:05:35.
2026-07-31T22:49:34.171175+00:00 | 008_parameter_sensitivity_condition-seed_blocks: saved work unit 30/40; overall 582/762 TVB calls (76.4%), elapsed 03:27:34, ETA 01:04:12.
2026-07-31T22:49:34.986879+00:00 | 008_parameter_sensitivity_condition-seed_blocks: saved work unit 31/40; overall 585/762 TVB calls (76.8%), elapsed 03:27:34, ETA 01:02:48.
2026-07-31T22:49:41.097876+00:00 | 008_parameter_sensitivity_condition-seed_blocks: saved work unit 32/40; overall 588/762 TVB calls (77.2%), elapsed 03:27:41, ETA 01:01:27.
2026-07-31T22:49:41.715445+00:00 | 008_parameter_sensitivity_condition-seed_blocks: saved work unit 33/40; overall 591/762 TVB calls (77.6%), elapsed 03:27:41, ETA 01:00:06.
2026-07-31T22:49:41.861803+00:00 | 008_parameter_sensitivity_condition-seed_blocks: saved work unit 34/40; overall 594/762 TVB calls (78.0%), elapsed 03:27:41, ETA 00:58:44.
2026-07-31T22:49:42.677523+00:00 | 008_parameter_sensitivity_condition-seed_blocks: saved work unit 35/40; overall 597/762 TVB calls (78.3%), elapsed 03:27:42, ETA 00:57:24.
2026-07-31T22:49:43.910241+00:00 | 008_parameter_sensitivity_condition-seed_blocks: saved work unit 36/40; overall 600/762 TVB calls (78.7%), elapsed 03:27:43, ETA 00:56:05.
2026-07-31T22:49:44.097500+00:00 | 008_parameter_sensitivity_condition-seed_blocks: saved work unit 37/40; overall 603/762 TVB calls (79.1%), elapsed 03:27:44, ETA 00:54:46.
2026-07-31T22:49:47.244313+00:00 | 008_parameter_sensitivity_condition-seed_blocks: saved work unit 38/40; overall 606/762 TVB calls (79.5%), elapsed 03:27:47, ETA 00:53:29.
2026-07-31T22:49:48.545013+00:00 | 008_parameter_sensitivity_condition-seed_blocks: saved work unit 39/40; overall 609/762 TVB calls (79.9%), elapsed 03:27:48, ETA 00:52:12.
2026-07-31T22:49:56.687318+00:00 | 008_parameter_sensitivity_condition-seed_blocks: saved work unit 40/40; overall 612/762 TVB calls (80.3%), elapsed 03:27:56, ETA 00:50:58.
2026-07-31T22:49:56.687692+00:00 | 008_parameter_sensitivity_condition-seed_blocks: all 40 work unit(s) available.
2026-07-31T22:49:57.222720+00:00 | 009_spatial_shuffles_condition-seed_blocks: 50 work unit(s), 0 checkpoint(s) available.
2026-07-31T23:07:03.753517+00:00 | 009_spatial_shuffles_condition-seed_blocks: saved work unit 1/50; overall 615/762 TVB calls (80.7%), elapsed 03:45:03, ETA 00:53:48.
2026-07-31T23:07:04.688296+00:00 | 009_spatial_shuffles_condition-seed_blocks: saved work unit 2/50; overall 618/762 TVB calls (81.1%), elapsed 03:45:04, ETA 00:52:27.
2026-07-31T23:07:10.850616+00:00 | 009_spatial_shuffles_condition-seed_blocks: saved work unit 3/50; overall 621/762 TVB calls (81.5%), elapsed 03:45:10, ETA 00:51:08.
2026-07-31T23:07:13.608121+00:00 | 009_spatial_shuffles_condition-seed_blocks: saved work unit 4/50; overall 624/762 TVB calls (81.9%), elapsed 03:45:13, ETA 00:49:48.
2026-07-31T23:07:13.797985+00:00 | 009_spatial_shuffles_condition-seed_blocks: saved work unit 5/50; overall 627/762 TVB calls (82.3%), elapsed 03:45:13, ETA 00:48:30.
2026-07-31T23:07:15.328632+00:00 | 009_spatial_shuffles_condition-seed_blocks: saved work unit 6/50; overall 630/762 TVB calls (82.7%), elapsed 03:45:15, ETA 00:47:12.
2026-07-31T23:07:16.435383+00:00 | 009_spatial_shuffles_condition-seed_blocks: saved work unit 7/50; overall 633/762 TVB calls (83.1%), elapsed 03:45:16, ETA 00:45:54.
2026-07-31T23:07:17.526398+00:00 | 009_spatial_shuffles_condition-seed_blocks: saved work unit 8/50; overall 636/762 TVB calls (83.5%), elapsed 03:45:17, ETA 00:44:38.
2026-07-31T23:07:21.916951+00:00 | 009_spatial_shuffles_condition-seed_blocks: saved work unit 9/50; overall 639/762 TVB calls (83.9%), elapsed 03:45:21, ETA 00:43:23.
2026-07-31T23:07:23.114419+00:00 | 009_spatial_shuffles_condition-seed_blocks: saved work unit 10/50; overall 642/762 TVB calls (84.3%), elapsed 03:45:23, ETA 00:42:08.
2026-07-31T23:08:17.556972+00:00 | 009_spatial_shuffles_condition-seed_blocks: saved work unit 11/50; overall 645/762 TVB calls (84.6%), elapsed 03:46:17, ETA 00:41:03.
2026-07-31T23:08:22.416384+00:00 | 009_spatial_shuffles_condition-seed_blocks: saved work unit 12/50; overall 648/762 TVB calls (85.0%), elapsed 03:46:22, ETA 00:39:49.
2026-07-31T23:08:25.235902+00:00 | 009_spatial_shuffles_condition-seed_blocks: saved work unit 13/50; overall 651/762 TVB calls (85.4%), elapsed 03:46:25, ETA 00:38:36.
2026-07-31T23:08:29.428931+00:00 | 009_spatial_shuffles_condition-seed_blocks: saved work unit 14/50; overall 654/762 TVB calls (85.8%), elapsed 03:46:29, ETA 00:37:24.
2026-07-31T23:08:36.432925+00:00 | 009_spatial_shuffles_condition-seed_blocks: saved work unit 15/50; overall 657/762 TVB calls (86.2%), elapsed 03:46:36, ETA 00:36:13.
2026-07-31T23:08:37.805239+00:00 | 009_spatial_shuffles_condition-seed_blocks: saved work unit 16/50; overall 660/762 TVB calls (86.6%), elapsed 03:46:37, ETA 00:35:01.
2026-07-31T23:08:38.124577+00:00 | 009_spatial_shuffles_condition-seed_blocks: saved work unit 17/50; overall 663/762 TVB calls (87.0%), elapsed 03:46:38, ETA 00:33:50.
2026-07-31T23:08:38.306267+00:00 | 009_spatial_shuffles_condition-seed_blocks: saved work unit 18/50; overall 666/762 TVB calls (87.4%), elapsed 03:46:38, ETA 00:32:40.
2026-07-31T23:08:38.955267+00:00 | 009_spatial_shuffles_condition-seed_blocks: saved work unit 19/50; overall 669/762 TVB calls (87.8%), elapsed 03:46:38, ETA 00:31:30.
2026-07-31T23:08:39.286657+00:00 | 009_spatial_shuffles_condition-seed_blocks: saved work unit 20/50; overall 672/762 TVB calls (88.2%), elapsed 03:46:39, ETA 00:30:21.
2026-07-31T23:08:41.250607+00:00 | 009_spatial_shuffles_condition-seed_blocks: saved work unit 21/50; overall 675/762 TVB calls (88.6%), elapsed 03:46:41, ETA 00:29:13.
2026-07-31T23:08:45.373343+00:00 | 009_spatial_shuffles_condition-seed_blocks: saved work unit 22/50; overall 678/762 TVB calls (89.0%), elapsed 03:46:45, ETA 00:28:06.
2026-07-31T23:08:49.442504+00:00 | 009_spatial_shuffles_condition-seed_blocks: saved work unit 23/50; overall 681/762 TVB calls (89.4%), elapsed 03:46:49, ETA 00:26:59.
2026-07-31T23:08:55.684549+00:00 | 009_spatial_shuffles_condition-seed_blocks: saved work unit 24/50; overall 684/762 TVB calls (89.8%), elapsed 03:46:55, ETA 00:25:53.
2026-07-31T23:09:09.597972+00:00 | 009_spatial_shuffles_condition-seed_blocks: saved work unit 25/50; overall 687/762 TVB calls (90.2%), elapsed 03:47:09, ETA 00:24:48.
2026-07-31T23:11:30.793011+00:00 | 009_spatial_shuffles_condition-seed_blocks: saved work unit 26/50; overall 690/762 TVB calls (90.6%), elapsed 03:49:30, ETA 00:23:57.
2026-07-31T23:11:40.475179+00:00 | 009_spatial_shuffles_condition-seed_blocks: saved work unit 27/50; overall 693/762 TVB calls (90.9%), elapsed 03:49:40, ETA 00:22:52.
2026-07-31T23:23:52.340560+00:00 | 009_spatial_shuffles_condition-seed_blocks: saved work unit 28/50; overall 696/762 TVB calls (91.3%), elapsed 04:01:52, ETA 00:22:56.
2026-07-31T23:23:53.309483+00:00 | 009_spatial_shuffles_condition-seed_blocks: saved work unit 29/50; overall 699/762 TVB calls (91.7%), elapsed 04:01:53, ETA 00:21:48.
2026-07-31T23:24:01.166979+00:00 | 009_spatial_shuffles_condition-seed_blocks: saved work unit 30/50; overall 702/762 TVB calls (92.1%), elapsed 04:02:01, ETA 00:20:41.
2026-07-31T23:24:05.371521+00:00 | 009_spatial_shuffles_condition-seed_blocks: saved work unit 31/50; overall 705/762 TVB calls (92.5%), elapsed 04:02:05, ETA 00:19:34.
2026-07-31T23:24:09.036342+00:00 | 009_spatial_shuffles_condition-seed_blocks: saved work unit 32/50; overall 708/762 TVB calls (92.9%), elapsed 04:02:08, ETA 00:18:28.
2026-07-31T23:24:09.543693+00:00 | 009_spatial_shuffles_condition-seed_blocks: saved work unit 33/50; overall 711/762 TVB calls (93.3%), elapsed 04:02:09, ETA 00:17:22.
2026-07-31T23:24:14.036288+00:00 | 009_spatial_shuffles_condition-seed_blocks: saved work unit 34/50; overall 714/762 TVB calls (93.7%), elapsed 04:02:13, ETA 00:16:17.
2026-07-31T23:24:14.212760+00:00 | 009_spatial_shuffles_condition-seed_blocks: saved work unit 35/50; overall 717/762 TVB calls (94.1%), elapsed 04:02:14, ETA 00:15:12.
2026-07-31T23:24:19.081005+00:00 | 009_spatial_shuffles_condition-seed_blocks: saved work unit 36/50; overall 720/762 TVB calls (94.5%), elapsed 04:02:19, ETA 00:14:08.
2026-07-31T23:24:19.816007+00:00 | 009_spatial_shuffles_condition-seed_blocks: saved work unit 37/50; overall 723/762 TVB calls (94.9%), elapsed 04:02:19, ETA 00:13:04.
2026-07-31T23:24:51.387544+00:00 | 009_spatial_shuffles_condition-seed_blocks: saved work unit 38/50; overall 726/762 TVB calls (95.3%), elapsed 04:02:51, ETA 00:12:03.
2026-07-31T23:24:53.022039+00:00 | 009_spatial_shuffles_condition-seed_blocks: saved work unit 39/50; overall 729/762 TVB calls (95.7%), elapsed 04:02:52, ETA 00:11:00.
2026-07-31T23:24:58.964652+00:00 | 009_spatial_shuffles_condition-seed_blocks: saved work unit 40/50; overall 732/762 TVB calls (96.1%), elapsed 04:02:58, ETA 00:09:57.
2026-07-31T23:25:06.363966+00:00 | 009_spatial_shuffles_condition-seed_blocks: saved work unit 41/50; overall 735/762 TVB calls (96.5%), elapsed 04:03:06, ETA 00:08:56.
2026-07-31T23:25:07.969253+00:00 | 009_spatial_shuffles_condition-seed_blocks: saved work unit 42/50; overall 738/762 TVB calls (96.9%), elapsed 04:03:07, ETA 00:07:54.
2026-07-31T23:25:08.115718+00:00 | 009_spatial_shuffles_condition-seed_blocks: saved work unit 43/50; overall 741/762 TVB calls (97.2%), elapsed 04:03:08, ETA 00:06:53.
2026-07-31T23:25:08.751651+00:00 | 009_spatial_shuffles_condition-seed_blocks: saved work unit 44/50; overall 744/762 TVB calls (97.6%), elapsed 04:03:08, ETA 00:05:53.
2026-07-31T23:25:10.552144+00:00 | 009_spatial_shuffles_condition-seed_blocks: saved work unit 45/50; overall 747/762 TVB calls (98.0%), elapsed 04:03:10, ETA 00:04:53.
2026-07-31T23:25:11.711163+00:00 | 009_spatial_shuffles_condition-seed_blocks: saved work unit 46/50; overall 750/762 TVB calls (98.4%), elapsed 04:03:11, ETA 00:03:53.
2026-07-31T23:25:15.048728+00:00 | 009_spatial_shuffles_condition-seed_blocks: saved work unit 47/50; overall 753/762 TVB calls (98.8%), elapsed 04:03:15, ETA 00:02:54.
2026-07-31T23:25:16.877437+00:00 | 009_spatial_shuffles_condition-seed_blocks: saved work unit 48/50; overall 756/762 TVB calls (99.2%), elapsed 04:03:16, ETA 00:01:56.
2026-07-31T23:25:20.591108+00:00 | 009_spatial_shuffles_condition-seed_blocks: saved work unit 49/50; overall 759/762 TVB calls (99.6%), elapsed 04:03:20, ETA 00:00:58.
2026-07-31T23:25:28.690459+00:00 | 009_spatial_shuffles_condition-seed_blocks: saved work unit 50/50; overall 762/762 TVB calls (100.0%), elapsed 04:03:28.
2026-07-31T23:25:28.691272+00:00 | 009_spatial_shuffles_condition-seed_blocks: all 50 work unit(s) available.
2026-07-31T23:25:29.266600+00:00 | [notebook 16/18] completed source cell 33
2026-07-31T23:25:29.268751+00:00 | [notebook 17/18] executing source cell 35/40
2026-07-31T23:25:31.489467+00:00 | [notebook 17/18] completed source cell 35
2026-07-31T23:25:31.491766+00:00 | [notebook 18/18] executing source cell 37/40
2026-07-31T23:26:06.818781+00:00 | [notebook 18/18] completed source cell 37
2026-07-31T23:26:06.821736+00:00 | Run completed with 762/762 TVB calls durably checkpointed.
